[Sun Aug 23 21:44:30 2026] PHP 8.3.6 Development Server (http://localhost:8000) started
[Sun Aug 23 21:44:47 2026] [::1]:45198 Accepted
[Sun Aug 23 21:44:47 2026] [::1]:45198 [200]: HEAD /about.php
[Sun Aug 23 21:44:47 2026] [::1]:45198 Closing
[Sun Aug 23 21:45:48 2026] [::1]:42436 Accepted
[Sun Aug 23 21:45:48 2026] [::1]:42436 [200]: GET /about.php
[Sun Aug 23 21:45:48 2026] [::1]:42436 Closing
[Sun Aug 23 21:45:50 2026] [::1]:42446 Accepted
[Sun Aug 23 21:45:50 2026] [::1]:42446 [200]: GET /register.php
[Sun Aug 23 21:45:50 2026] [::1]:42446 Closing
[Sun Aug 23 21:46:51 2026] [::1]:33218 Accepted
[Sun Aug 23 21:46:51 2026] [::1]:33218 [200]: GET /about.php
[Sun Aug 23 21:46:51 2026] [::1]:33218 Closing
[Sun Aug 23 21:46:53 2026] [::1]:33222 Accepted
[Sun Aug 23 21:46:53 2026] [::1]:33222 [200]: GET /register.php
[Sun Aug 23 21:46:53 2026] [::1]:33222 Closing
[Sun Aug 23 21:46:54 2026] [::1]:33236 Accepted
[Sun Aug 23 21:46:54 2026] [::1]:33236 [302]: POST /register.php
[Sun Aug 23 21:46:54 2026] [::1]:33236 Closing
[Sun Aug 23 21:46:54 2026] [::1]:33238 Accepted
[Sun Aug 23 21:46:54 2026] [::1]:33238 [200]: GET /dashboard.php
[Sun Aug 23 21:46:54 2026] [::1]:33238 Closing
[Sun Aug 23 21:46:55 2026] [::1]:33248 Accepted
[Sun Aug 23 21:46:55 2026] [::1]:33248 [200]: GET /income.php
[Sun Aug 23 21:46:55 2026] [::1]:33248 Closing
[Sun Aug 23 21:47:52 2026] [::1]:58042 Accepted
[Sun Aug 23 21:47:52 2026] [::1]:58042 [200]: GET /about.php
[Sun Aug 23 21:47:52 2026] [::1]:58042 Closing
[Sun Aug 23 21:47:53 2026] [::1]:58050 Accepted
[Sun Aug 23 21:47:53 2026] [::1]:58050 [200]: GET /register.php
[Sun Aug 23 21:47:53 2026] [::1]:58050 Closing
[Sun Aug 23 21:47:54 2026] [::1]:58060 Accepted
[Sun Aug 23 21:47:54 2026] [::1]:58060 [200]: POST /register.php
[Sun Aug 23 21:47:54 2026] [::1]:58060 Closing
[Sun Aug 23 21:47:55 2026] [::1]:58076 Accepted
[Sun Aug 23 21:47:55 2026] [::1]:58076 [302]: GET /income.php
[Sun Aug 23 21:47:55 2026] [::1]:58076 Closing
[Sun Aug 23 21:47:55 2026] [::1]:58086 Accepted
[Sun Aug 23 21:47:55 2026] [::1]:58086 [200]: GET /login.php
[Sun Aug 23 21:47:55 2026] [::1]:58086 Closing
[Sun Aug 23 21:47:56 2026] [::1]:58098 Accepted
[Sun Aug 23 21:47:56 2026] [::1]:58098 [302]: GET /other_income.php
[Sun Aug 23 21:47:56 2026] [::1]:58098 Closing
[Sun Aug 23 21:47:56 2026] [::1]:58112 Accepted
[Sun Aug 23 21:47:56 2026] [::1]:58112 [200]: GET /login.php
[Sun Aug 23 21:47:56 2026] [::1]:58112 Closing
[Sun Aug 23 21:48:54 2026] [::1]:48316 Accepted
[Sun Aug 23 21:48:54 2026] [::1]:48316 [200]: GET /about.php
[Sun Aug 23 21:48:54 2026] [::1]:48316 Closing
[Sun Aug 23 21:48:55 2026] [::1]:48332 Accepted
[Sun Aug 23 21:48:55 2026] [::1]:48332 [200]: GET /register.php
[Sun Aug 23 21:48:55 2026] [::1]:48332 Closing
[Sun Aug 23 21:48:56 2026] [::1]:48334 Accepted
[Sun Aug 23 21:48:56 2026] [::1]:48334 [200]: POST /register.php
[Sun Aug 23 21:48:56 2026] [::1]:48334 Closing
[Sun Aug 23 21:48:57 2026] [::1]:48348 Accepted
[Sun Aug 23 21:48:57 2026] [::1]:48348 [302]: GET /income.php
[Sun Aug 23 21:48:57 2026] [::1]:48348 Closing
[Sun Aug 23 21:48:57 2026] [::1]:48354 Accepted
[Sun Aug 23 21:48:57 2026] [::1]:48354 [200]: GET /login.php
[Sun Aug 23 21:48:57 2026] [::1]:48354 Closing
[Sun Aug 23 21:48:59 2026] [::1]:48366 Accepted
[Sun Aug 23 21:48:59 2026] [::1]:48366 [302]: GET /other_income.php
[Sun Aug 23 21:48:59 2026] [::1]:48366 Closing
[Sun Aug 23 21:48:59 2026] [::1]:48380 Accepted
[Sun Aug 23 21:48:59 2026] [::1]:48380 [200]: GET /login.php
[Sun Aug 23 21:48:59 2026] [::1]:48380 Closing
[Sun Aug 23 21:49:55 2026] [::1]:57948 Accepted
[Sun Aug 23 21:49:55 2026] [::1]:57948 [200]: GET /about.php
[Sun Aug 23 21:49:55 2026] [::1]:57948 Closing
[Sun Aug 23 21:49:56 2026] [::1]:57960 Accepted
[Sun Aug 23 21:49:56 2026] [::1]:57960 [200]: GET /register.php
[Sun Aug 23 21:49:56 2026] [::1]:57960 Closing
[Sun Aug 23 21:49:57 2026] [::1]:57976 Accepted
[Sun Aug 23 21:49:57 2026] [::1]:57976 [200]: POST /register.php
[Sun Aug 23 21:49:57 2026] [::1]:57976 Closing
[Sun Aug 23 21:49:58 2026] [::1]:57992 Accepted
[Sun Aug 23 21:49:58 2026] [::1]:57992 [302]: GET /income.php
[Sun Aug 23 21:49:58 2026] [::1]:57992 Closing
[Sun Aug 23 21:49:58 2026] [::1]:57996 Accepted
[Sun Aug 23 21:49:58 2026] [::1]:57996 [200]: GET /login.php
[Sun Aug 23 21:49:58 2026] [::1]:57996 Closing
[Sun Aug 23 21:50:00 2026] [::1]:58008 Accepted
[Sun Aug 23 21:50:00 2026] [::1]:58008 [302]: GET /other_income.php
[Sun Aug 23 21:50:00 2026] [::1]:58008 Closing
[Sun Aug 23 21:50:00 2026] [::1]:58020 Accepted
[Sun Aug 23 21:50:00 2026] [::1]:58020 [200]: GET /login.php
[Sun Aug 23 21:50:00 2026] [::1]:58020 Closing
[Sun Aug 23 21:51:01 2026] [::1]:35230 Accepted
[Sun Aug 23 21:51:01 2026] [::1]:35230 [200]: GET /about.php
[Sun Aug 23 21:51:01 2026] [::1]:35230 Closing
[Sun Aug 23 21:51:02 2026] [::1]:35240 Accepted
[Sun Aug 23 21:51:02 2026] [::1]:35240 [200]: GET /register.php
[Sun Aug 23 21:51:02 2026] [::1]:35240 Closing
[Sun Aug 23 21:51:03 2026] [::1]:35244 Accepted
[Sun Aug 23 21:51:03 2026] [::1]:35244 [200]: POST /register.php
[Sun Aug 23 21:51:03 2026] [::1]:35244 Closing
[Sun Aug 23 21:51:04 2026] [::1]:35260 Accepted
[Sun Aug 23 21:51:04 2026] [::1]:35260 [302]: GET /income.php
[Sun Aug 23 21:51:04 2026] [::1]:35260 Closing
[Sun Aug 23 21:51:04 2026] [::1]:35262 Accepted
[Sun Aug 23 21:51:04 2026] [::1]:35262 [200]: GET /login.php
[Sun Aug 23 21:51:04 2026] [::1]:35262 Closing
[Sun Aug 23 21:51:06 2026] [::1]:35278 Accepted
[Sun Aug 23 21:51:06 2026] [::1]:35278 [302]: GET /other_income.php
[Sun Aug 23 21:51:06 2026] [::1]:35278 Closing
[Sun Aug 23 21:51:06 2026] [::1]:35290 Accepted
[Sun Aug 23 21:51:06 2026] [::1]:35290 [200]: GET /login.php
[Sun Aug 23 21:51:06 2026] [::1]:35290 Closing
[Sun Aug 23 21:52:06 2026] [::1]:45192 Accepted
[Sun Aug 23 21:52:06 2026] [::1]:45192 [200]: GET /about.php
[Sun Aug 23 21:52:06 2026] [::1]:45192 Closing
[Sun Aug 23 21:52:08 2026] [::1]:45204 Accepted
[Sun Aug 23 21:52:08 2026] [::1]:45204 [200]: GET /register.php
[Sun Aug 23 21:52:08 2026] [::1]:45204 Closing
[Sun Aug 23 21:52:08 2026] [::1]:45214 Accepted
[Sun Aug 23 21:52:08 2026] [::1]:45214 [302]: POST /register.php
[Sun Aug 23 21:52:08 2026] [::1]:45214 Closing
[Sun Aug 23 21:52:08 2026] [::1]:45224 Accepted
[Sun Aug 23 21:52:08 2026] [::1]:45224 [200]: GET /dashboard.php
[Sun Aug 23 21:52:08 2026] [::1]:45224 Closing
[Sun Aug 23 21:52:09 2026] [::1]:45240 Accepted
[Sun Aug 23 21:52:09 2026] [::1]:45240 [200]: GET /income.php
[Sun Aug 23 21:52:09 2026] [::1]:45240 Closing
[Sun Aug 23 21:52:11 2026] [::1]:44748 Accepted
[Sun Aug 23 21:52:11 2026] [::1]:44748 [302]: POST /income.php
[Sun Aug 23 21:52:11 2026] [::1]:44748 Closing
[Sun Aug 23 21:52:11 2026] [::1]:44758 Accepted
[Sun Aug 23 21:52:11 2026] [::1]:44758 [200]: GET /income.php?year=2026&saved=1
[Sun Aug 23 21:52:11 2026] [::1]:44758 Closing
[Sun Aug 23 21:52:12 2026] [::1]:44770 Accepted
[Sun Aug 23 21:52:12 2026] [::1]:44770 [200]: GET /other_income.php
[Sun Aug 23 21:52:12 2026] [::1]:44770 Closing
[Sun Aug 23 21:52:13 2026] [::1]:44778 Accepted
[Sun Aug 23 21:52:13 2026] [::1]:44778 [200]: POST /other_income.php
[Sun Aug 23 21:52:13 2026] [::1]:44778 Closing
[Sun Aug 23 21:52:14 2026] [::1]:44782 Accepted
[Sun Aug 23 21:52:14 2026] [::1]:44782 [200]: GET /dashboard.php
[Sun Aug 23 21:52:14 2026] [::1]:44782 Closing
[Sun Aug 23 21:52:18 2026] [::1]:44784 Accepted
[Sun Aug 23 21:52:18 2026] [::1]:44784 [302]: POST /dashboard.php
[Sun Aug 23 21:52:18 2026] [::1]:44784 Closing
[Sun Aug 23 21:52:18 2026] [::1]:44794 Accepted
[Sun Aug 23 21:52:18 2026] [::1]:44794 [200]: GET /dashboard.php?year=2026&month=Aug&allocated=1
[Sun Aug 23 21:52:18 2026] [::1]:44794 Closing
